
> pragna-vistara-frontend@0.1.0 build
> vite build

[36mvite v5.4.21 [32mbuilding for production...[36m[39m
transforming...
[32mΓ£ô[39m 18 modules transformed.
node.exe : [31mx[39m Build failed in 2.91s
At line:1 char:1
+ & "C:\Program Files\nodejs/node.exe" "C:\Program Files\nodejs/node_mo ...
+ ~~~~~~~~~~~~~~~~~~~~~~~~~~~~~~~~~~~~~~~~~~~~~~~~~~~~~~~~~~~~~~~~~~~~~
    + CategoryInfo          : NotSpecified: ([31mx[39m Build failed in 2.91s:String) [], RemoteException
    + FullyQualifiedErrorId : NativeCommandError
 
[31merror during build:
[31m[vite-plugin-pwa:build] [plugin vite-plugin-pwa:build] src/pages/SubjectLearningPage.jsx (505:11): There was an 
error during the build:
  Transform failed with 1 error:
C:/DICKEN-BAGRECHA/Local Disk (D)/Hackathons/SJCIT/PragnaVistara/frontend/src/pages/SubjectLearningPage.jsx:505:11: 
ERROR: Expected ")" but found "className"
Additionally, handling the error in the 'buildEnd' hook caused the following error:
  Transform failed with 1 error:
C:/DICKEN-BAGRECHA/Local Disk (D)/Hackathons/SJCIT/PragnaVistara/frontend/src/pages/SubjectLearningPage.jsx:505:11: 
ERROR: Expected ")" but found "className"[31m
file: [36mC:/DICKEN-BAGRECHA/Local Disk 
(D)/Hackathons/SJCIT/PragnaVistara/frontend/src/pages/SubjectLearningPage.jsx:505:11[31m
[33m
[33mExpected ")" but found "className"[33m
503|        </div>
504|  
505|        <div className="mb-6 flex gap-2">
   |             ^
506|          {STAGE_LABELS.map((label, i) => {
507|            // Hide animation tab if there is no animation
[31m
    at getRollupError (file:///C:/DICKEN-BAGRECHA/Local%20Disk%20(D)/Hackathons/SJCIT/PragnaVistara/frontend/node_modul
es/rollup/dist/es/shared/parseAst.js:406:41)
    at file:///C:/DICKEN-BAGRECHA/Local%20Disk%20(D)/Hackathons/SJCIT/PragnaVistara/frontend/node_modules/rollup/dist/e
s/shared/node-entry.js:23877:39
    at process.processTicksAndRejections (node:internal/process/task_queues:103:5)
    at async catchUnfinishedHookActions (file:///C:/DICKEN-BAGRECHA/Local%20Disk%20(D)/Hackathons/SJCIT/PragnaVistara/f
rontend/node_modules/rollup/dist/es/shared/node-entry.js:23335:16)
    at async rollupInternal (file:///C:/DICKEN-BAGRECHA/Local%20Disk%20(D)/Hackathons/SJCIT/PragnaVistara/frontend/node
_modules/rollup/dist/es/shared/node-entry.js:23860:5)
    at async build (file:///C:/DICKEN-BAGRECHA/Local%20Disk%20(D)/Hackathons/SJCIT/PragnaVistara/frontend/node_modules/
vite/dist/node/chunks/dep-BK3b2jBa.js:65709:14)
    at async CAC.<anonymous> (file:///C:/DICKEN-BAGRECHA/Local%20Disk%20(D)/Hackathons/SJCIT/PragnaVistara/frontend/nod
e_modules/vite/dist/node/cli.js:829:5)[39m
